src/components/dashboard/RevenueCostWidget.tsx(190,33): error TS2322: Type '(value: number) => string' is not assignable to type 'Formatter<number, NameType> & ((value: number, name: NameType, item: Payload<number, NameType>, index: number, payload: Payload<number, NameType>[]) => ReactNode | [...])'.
  Type '(value: number) => string' is not assignable to type 'Formatter<number, NameType>'.
    Types of parameters 'value' and 'value' are incompatible.
      Type 'number | undefined' is not assignable to type 'number'.
        Type 'undefined' is not assignable to type 'number'.
src/components/maintenance/ServiceForm.tsx(65,9): error TS2322: Type 'Resolver<{ vehicle_id: string; type: "scheduled" | "repair" | "inspection"; description: string; status: "scheduled" | "in_progress" | "completed"; program_id?: string | undefined; cost?: number | undefined; ... 6 more ...; next_service_odometer?: number | undefined; }, any, { ...; }>' is not assignable to type 'Resolver<{ vehicle_id: string; type: "scheduled" | "repair" | "inspection"; description: string; cost: number | undefined; parts_cost: number | undefined; labor_cost: number | undefined; ... 6 more ...; next_service_date?: string | undefined; }, any, { ...; }>'.
  Types of parameters 'options' and 'options' are incompatible.
    Type 'ResolverOptions<{ vehicle_id: string; type: "scheduled" | "repair" | "inspection"; description: string; cost: number | undefined; parts_cost: number | undefined; labor_cost: number | undefined; ... 6 more ...; next_service_date?: string | undefined; }>' is not assignable to type 'ResolverOptions<{ vehicle_id: string; type: "scheduled" | "repair" | "inspection"; description: string; status: "scheduled" | "in_progress" | "completed"; program_id?: string | undefined; cost?: number | undefined; ... 6 more ...; next_service_odometer?: number | undefined; }>'.
      Type '{ vehicle_id: string; type: "scheduled" | "repair" | "inspection"; description: string; status: "scheduled" | "in_progress" | "completed"; program_id?: string | undefined; cost?: number | undefined; ... 6 more ...; next_service_odometer?: number | undefined; }' is not assignable to type '{ vehicle_id: string; type: "scheduled" | "repair" | "inspection"; description: string; cost: number | undefined; parts_cost: number | undefined; labor_cost: number | undefined; ... 6 more ...; next_service_date?: string | undefined; }'.
        Property 'cost' is optional in type '{ vehicle_id: string; type: "scheduled" | "repair" | "inspection"; description: string; status: "scheduled" | "in_progress" | "completed"; program_id?: string | undefined; cost?: number | undefined; ... 6 more ...; next_service_odometer?: number | undefined; }' but required in type '{ vehicle_id: string; type: "scheduled" | "repair" | "inspection"; description: string; cost: number | undefined; parts_cost: number | undefined; labor_cost: number | undefined; ... 6 more ...; next_service_date?: string | undefined; }'.
src/components/maintenance/ServiceForm.tsx(116,38): error TS2345: Argument of type '(data: ServiceFormData) => Promise<void>' is not assignable to parameter of type 'SubmitHandler<TFieldValues>'.
  Types of parameters 'data' and 'data' are incompatible.
    Type 'TFieldValues' is not assignable to type '{ vehicle_id: string; type: "scheduled" | "repair" | "inspection"; description: string; cost: number | undefined; parts_cost: number | undefined; labor_cost: number | undefined; ... 6 more ...; next_service_date?: string | undefined; }'.
      Type 'FieldValues' is missing the following properties from type '{ vehicle_id: string; type: "scheduled" | "repair" | "inspection"; description: string; cost: number | undefined; parts_cost: number | undefined; labor_cost: number | undefined; ... 6 more ...; next_service_date?: string | undefined; }': vehicle_id, type, description, cost, and 5 more.
